24/12/31 15:46:44 WARN Utils: Your hostname, bidut-HP-Laptop-14s-fq1xxx resolves to a loopback address: 127.0.1.1; using 192.168.29.182 instead (on interface wlo1)
24/12/31 15:46:44 WARN Utils: Set SPARK_LOCAL_IP if you need to bind to another address
24/12/31 15:46:44 INFO SparkContext: Running Spark version 3.5.4
24/12/31 15:46:44 INFO SparkContext: OS info Linux, 5.15.0-126-generic, amd64
24/12/31 15:46:44 INFO SparkContext: Java version 11.0.25
24/12/31 15:46:44 WARN NativeCodeLoader: Unable to load native-hadoop library for your platform... using builtin-java classes where applicable
24/12/31 15:46:45 INFO ResourceUtils: ==============================================================
24/12/31 15:46:45 INFO ResourceUtils: No custom resources configured for spark.driver.
24/12/31 15:46:45 INFO ResourceUtils: ==============================================================
24/12/31 15:46:45 INFO SparkContext: Submitted application: ExploringColumns
24/12/31 15:46:45 INFO ResourceProfile: Default ResourceProfile created, executor resources: Map(cores -> name: cores, amount: 1, script: , vendor: , memory -> name: memory, amount: 1024, script: , vendor: , offHeap -> name: offHeap, amount: 0, script: , vendor: ), task resources: Map(cpus -> name: cpus, amount: 1.0)
24/12/31 15:46:45 INFO ResourceProfile: Limiting resource is cpu
24/12/31 15:46:45 INFO ResourceProfileManager: Added ResourceProfile id: 0
24/12/31 15:46:45 INFO SecurityManager: Changing view acls to: bidut
24/12/31 15:46:45 INFO SecurityManager: Changing modify acls to: bidut
24/12/31 15:46:45 INFO SecurityManager: Changing view acls groups to: 
24/12/31 15:46:45 INFO SecurityManager: Changing modify acls groups to: 
24/12/31 15:46:45 INFO SecurityManager: SecurityManager: authentication disabled; ui acls disabled; users with view permissions: bidut; groups with view permissions: EMPTY; users with modify permissions: bidut; groups with modify permissions: EMPTY
24/12/31 15:46:45 INFO Utils: Successfully started service 'sparkDriver' on port 34659.
24/12/31 15:46:45 INFO SparkEnv: Registering MapOutputTracker
24/12/31 15:46:45 INFO SparkEnv: Registering BlockManagerMaster
24/12/31 15:46:45 INFO BlockManagerMasterEndpoint: Using org.apache.spark.storage.DefaultTopologyMapper for getting topology information
24/12/31 15:46:45 INFO BlockManagerMasterEndpoint: BlockManagerMasterEndpoint up
24/12/31 15:46:45 INFO SparkEnv: Registering BlockManagerMasterHeartbeat
24/12/31 15:46:45 INFO DiskBlockManager: Created local directory at /tmp/blockmgr-b2ca5f47-c859-40b8-b158-e38acbce0567
24/12/31 15:46:45 INFO MemoryStore: MemoryStore started with capacity 434.4 MiB
24/12/31 15:46:45 INFO SparkEnv: Registering OutputCommitCoordinator
24/12/31 15:46:45 INFO log: Logging initialized @2544ms to org.sparkproject.jetty.util.log.Slf4jLog
24/12/31 15:46:45 INFO JettyUtils: Start Jetty 0.0.0.0:4040 for SparkUI
24/12/31 15:46:45 INFO Server: jetty-9.4.56.v20240826; built: 2024-08-26T17:15:05.868Z; git: ec6782ff5ead824dabdcf47fa98f90a4aedff401; jvm 11.0.25+9-post-Ubuntu-1ubuntu120.04
24/12/31 15:46:45 INFO Server: Started @2716ms
24/12/31 15:46:45 WARN Utils: Service 'SparkUI' could not bind on port 4040. Attempting port 4041.
24/12/31 15:46:45 INFO AbstractConnector: Started ServerConnector@727a381b{HTTP/1.1, (http/1.1)}{0.0.0.0:4041}
24/12/31 15:46:45 INFO Utils: Successfully started service 'SparkUI' on port 4041.
24/12/31 15:46:45 INFO ContextHandler: Started o.s.j.s.ServletContextHandler@57d143ee{/,null,AVAILABLE,@Spark}
24/12/31 15:46:45 INFO Executor: Starting executor ID driver on host 192.168.29.182
24/12/31 15:46:45 INFO Executor: OS info Linux, 5.15.0-126-generic, amd64
24/12/31 15:46:45 INFO Executor: Java version 11.0.25
24/12/31 15:46:45 INFO Executor: Starting executor with user classpath (userClassPathFirst = false): ''
24/12/31 15:46:45 INFO Executor: Created or updated repl class loader org.apache.spark.util.MutableURLClassLoader@2dd4c6f0 for default.
24/12/31 15:46:45 INFO Utils: Successfully started service 'org.apache.spark.network.netty.NettyBlockTransferService' on port 33177.
24/12/31 15:46:45 INFO NettyBlockTransferService: Server created on 192.168.29.182:33177
24/12/31 15:46:45 INFO BlockManager: Using org.apache.spark.storage.RandomBlockReplicationPolicy for block replication policy
24/12/31 15:46:45 INFO BlockManagerMaster: Registering BlockManager BlockManagerId(driver, 192.168.29.182, 33177, None)
24/12/31 15:46:45 INFO BlockManagerMasterEndpoint: Registering block manager 192.168.29.182:33177 with 434.4 MiB RAM, BlockManagerId(driver, 192.168.29.182, 33177, None)
24/12/31 15:46:45 INFO BlockManagerMaster: Registered BlockManager BlockManagerId(driver, 192.168.29.182, 33177, None)
24/12/31 15:46:45 INFO BlockManager: Initialized BlockManager: BlockManagerId(driver, 192.168.29.182, 33177, None)
24/12/31 15:46:46 INFO ContextHandler: Stopped o.s.j.s.ServletContextHandler@57d143ee{/,null,STOPPED,@Spark}
24/12/31 15:46:46 INFO ContextHandler: Started o.s.j.s.ServletContextHandler@1b9a8b9{/jobs,null,AVAILABLE,@Spark}
24/12/31 15:46:46 INFO ContextHandler: Started o.s.j.s.ServletContextHandler@92be2f2{/jobs/json,null,AVAILABLE,@Spark}
24/12/31 15:46:46 INFO ContextHandler: Started o.s.j.s.ServletContextHandler@6fc75c98{/jobs/job,null,AVAILABLE,@Spark}
24/12/31 15:46:46 INFO ContextHandler: Started o.s.j.s.ServletContextHandler@27644231{/jobs/job/json,null,AVAILABLE,@Spark}
24/12/31 15:46:46 INFO ContextHandler: Started o.s.j.s.ServletContextHandler@23c70edf{/stages,null,AVAILABLE,@Spark}
24/12/31 15:46:46 INFO ContextHandler: Started o.s.j.s.ServletContextHandler@1967fb1e{/stages/json,null,AVAILABLE,@Spark}
24/12/31 15:46:46 INFO ContextHandler: Started o.s.j.s.ServletContextHandler@30d4f552{/stages/stage,null,AVAILABLE,@Spark}
24/12/31 15:46:46 INFO ContextHandler: Started o.s.j.s.ServletContextHandler@5bd96adf{/stages/stage/json,null,AVAILABLE,@Spark}
24/12/31 15:46:46 INFO ContextHandler: Started o.s.j.s.ServletContextHandler@40d23bf5{/stages/pool,null,AVAILABLE,@Spark}
24/12/31 15:46:46 INFO ContextHandler: Started o.s.j.s.ServletContextHandler@50e23f6e{/stages/pool/json,null,AVAILABLE,@Spark}
24/12/31 15:46:46 INFO ContextHandler: Started o.s.j.s.ServletContextHandler@fda5863{/storage,null,AVAILABLE,@Spark}
24/12/31 15:46:46 INFO ContextHandler: Started o.s.j.s.ServletContextHandler@6787fd84{/storage/json,null,AVAILABLE,@Spark}
24/12/31 15:46:46 INFO ContextHandler: Started o.s.j.s.ServletContextHandler@52c32407{/storage/rdd,null,AVAILABLE,@Spark}
24/12/31 15:46:46 INFO ContextHandler: Started o.s.j.s.ServletContextHandler@518f7210{/storage/rdd/json,null,AVAILABLE,@Spark}
24/12/31 15:46:46 INFO ContextHandler: Started o.s.j.s.ServletContextHandler@2e723609{/environment,null,AVAILABLE,@Spark}
24/12/31 15:46:46 INFO ContextHandler: Started o.s.j.s.ServletContextHandler@6b3f644f{/environment/json,null,AVAILABLE,@Spark}
24/12/31 15:46:46 INFO ContextHandler: Started o.s.j.s.ServletContextHandler@6706b4f4{/executors,null,AVAILABLE,@Spark}
24/12/31 15:46:46 INFO ContextHandler: Started o.s.j.s.ServletContextHandler@62985068{/executors/json,null,AVAILABLE,@Spark}
24/12/31 15:46:46 INFO ContextHandler: Started o.s.j.s.ServletContextHandler@308c71eb{/executors/threadDump,null,AVAILABLE,@Spark}
24/12/31 15:46:46 INFO ContextHandler: Started o.s.j.s.ServletContextHandler@4801986b{/executors/threadDump/json,null,AVAILABLE,@Spark}
24/12/31 15:46:46 INFO ContextHandler: Started o.s.j.s.ServletContextHandler@7f07411{/executors/heapHistogram,null,AVAILABLE,@Spark}
24/12/31 15:46:46 INFO ContextHandler: Started o.s.j.s.ServletContextHandler@7f80158e{/executors/heapHistogram/json,null,AVAILABLE,@Spark}
24/12/31 15:46:46 INFO ContextHandler: Started o.s.j.s.ServletContextHandler@2d805d12{/static,null,AVAILABLE,@Spark}
24/12/31 15:46:46 INFO ContextHandler: Started o.s.j.s.ServletContextHandler@58e75b0d{/,null,AVAILABLE,@Spark}
24/12/31 15:46:46 INFO ContextHandler: Started o.s.j.s.ServletContextHandler@24d4a949{/api,null,AVAILABLE,@Spark}
24/12/31 15:46:46 INFO ContextHandler: Started o.s.j.s.ServletContextHandler@5b683109{/jobs/job/kill,null,AVAILABLE,@Spark}
24/12/31 15:46:46 INFO ContextHandler: Started o.s.j.s.ServletContextHandler@32324b14{/stages/stage/kill,null,AVAILABLE,@Spark}
24/12/31 15:46:46 INFO ContextHandler: Started o.s.j.s.ServletContextHandler@61fa59a6{/metrics/json,null,AVAILABLE,@Spark}
24/12/31 15:46:46 INFO SharedState: Setting hive.metastore.warehouse.dir ('null') to the value of spark.sql.warehouse.dir.
24/12/31 15:46:46 INFO SharedState: Warehouse path is 'file:/home/bidut/Desktop/dev/pyspark_learn/Course01Learn/11-UDF_Demo/spark-warehouse'.
24/12/31 15:46:46 INFO ContextHandler: Started o.s.j.s.ServletContextHandler@7541988b{/SQL,null,AVAILABLE,@Spark}
24/12/31 15:46:46 INFO ContextHandler: Started o.s.j.s.ServletContextHandler@170c7003{/SQL/json,null,AVAILABLE,@Spark}
24/12/31 15:46:46 INFO ContextHandler: Started o.s.j.s.ServletContextHandler@6c2c2f1b{/SQL/execution,null,AVAILABLE,@Spark}
24/12/31 15:46:46 INFO ContextHandler: Started o.s.j.s.ServletContextHandler@2bec4779{/SQL/execution/json,null,AVAILABLE,@Spark}
24/12/31 15:46:46 INFO ContextHandler: Started o.s.j.s.ServletContextHandler@7793cad2{/static/sql,null,AVAILABLE,@Spark}
24/12/31 15:46:47 INFO InMemoryFileIndex: It took 38 ms to list leaf files for 1 paths.
24/12/31 15:46:47 INFO InMemoryFileIndex: It took 2 ms to list leaf files for 1 paths.
24/12/31 15:46:49 INFO FileSourceStrategy: Pushed Filters: 
24/12/31 15:46:49 INFO FileSourceStrategy: Post-Scan Filters: (length(trim(value#0, None)) > 0)
24/12/31 15:46:50 INFO CodeGenerator: Code generated in 234.386027 ms
24/12/31 15:46:50 INFO MemoryStore: Block broadcast_0 stored as values in memory (estimated size 199.4 KiB, free 434.2 MiB)
24/12/31 15:46:50 INFO MemoryStore: Block broadcast_0_piece0 stored as bytes in memory (estimated size 34.2 KiB, free 434.2 MiB)
24/12/31 15:46:50 INFO BlockManagerInfo: Added broadcast_0_piece0 in memory on 192.168.29.182:33177 (size: 34.2 KiB, free: 434.4 MiB)
24/12/31 15:46:50 INFO SparkContext: Created broadcast 0 from csv at NativeMethodAccessorImpl.java:0
24/12/31 15:46:50 INFO FileSourceScanExec: Planning scan with bin packing, max size: 4194304 bytes, open cost is considered as scanning 4194304 bytes.
24/12/31 15:46:50 INFO SparkContext: Starting job: csv at NativeMethodAccessorImpl.java:0
24/12/31 15:46:50 INFO DAGScheduler: Got job 0 (csv at NativeMethodAccessorImpl.java:0) with 1 output partitions
24/12/31 15:46:50 INFO DAGScheduler: Final stage: ResultStage 0 (csv at NativeMethodAccessorImpl.java:0)
24/12/31 15:46:50 INFO DAGScheduler: Parents of final stage: List()
24/12/31 15:46:50 INFO DAGScheduler: Missing parents: List()
24/12/31 15:46:50 INFO DAGScheduler: Submitting ResultStage 0 (MapPartitionsRDD[3] at csv at NativeMethodAccessorImpl.java:0), which has no missing parents
24/12/31 15:46:50 INFO MemoryStore: Block broadcast_1 stored as values in memory (estimated size 13.5 KiB, free 434.2 MiB)
24/12/31 15:46:50 INFO MemoryStore: Block broadcast_1_piece0 stored as bytes in memory (estimated size 6.4 KiB, free 434.2 MiB)
24/12/31 15:46:50 INFO BlockManagerInfo: Added broadcast_1_piece0 in memory on 192.168.29.182:33177 (size: 6.4 KiB, free: 434.4 MiB)
24/12/31 15:46:50 INFO SparkContext: Created broadcast 1 from broadcast at DAGScheduler.scala:1585
24/12/31 15:46:50 INFO DAGScheduler: Submitting 1 missing tasks from ResultStage 0 (MapPartitionsRDD[3] at csv at NativeMethodAccessorImpl.java:0) (first 15 tasks are for partitions Vector(0))
24/12/31 15:46:50 INFO TaskSchedulerImpl: Adding task set 0.0 with 1 tasks resource profile 0
24/12/31 15:46:50 INFO TaskSetManager: Starting task 0.0 in stage 0.0 (TID 0) (192.168.29.182, executor driver, partition 0, PROCESS_LOCAL, 9648 bytes) 
24/12/31 15:46:50 INFO Executor: Running task 0.0 in stage 0.0 (TID 0)
24/12/31 15:46:51 INFO CodeGenerator: Code generated in 12.028541 ms
24/12/31 15:46:51 INFO FileScanRDD: Reading File path: file:///home/bidut/Desktop/dev/pyspark_learn/Course01Learn/11-UDF_Demo/data/survey.csv, range: 0-303684, partition values: [empty row]
24/12/31 15:46:51 INFO CodeGenerator: Code generated in 13.532735 ms
24/12/31 15:46:51 INFO Executor: Finished task 0.0 in stage 0.0 (TID 0). 1933 bytes result sent to driver
24/12/31 15:46:51 INFO TaskSetManager: Finished task 0.0 in stage 0.0 (TID 0) in 248 ms on 192.168.29.182 (executor driver) (1/1)
24/12/31 15:46:51 INFO TaskSchedulerImpl: Removed TaskSet 0.0, whose tasks have all completed, from pool 
24/12/31 15:46:51 INFO DAGScheduler: ResultStage 0 (csv at NativeMethodAccessorImpl.java:0) finished in 0.400 s
24/12/31 15:46:51 INFO DAGScheduler: Job 0 is finished. Cancelling potential speculative or zombie tasks for this job
24/12/31 15:46:51 INFO TaskSchedulerImpl: Killing all running tasks in stage 0: Stage finished
24/12/31 15:46:51 INFO DAGScheduler: Job 0 finished: csv at NativeMethodAccessorImpl.java:0, took 0.458825 s
24/12/31 15:46:51 INFO CodeGenerator: Code generated in 9.317308 ms
24/12/31 15:46:51 INFO FileSourceStrategy: Pushed Filters: 
24/12/31 15:46:51 INFO FileSourceStrategy: Post-Scan Filters: 
24/12/31 15:46:51 INFO MemoryStore: Block broadcast_2 stored as values in memory (estimated size 199.4 KiB, free 434.0 MiB)
24/12/31 15:46:51 INFO MemoryStore: Block broadcast_2_piece0 stored as bytes in memory (estimated size 34.2 KiB, free 433.9 MiB)
24/12/31 15:46:51 INFO BlockManagerInfo: Added broadcast_2_piece0 in memory on 192.168.29.182:33177 (size: 34.2 KiB, free: 434.3 MiB)
24/12/31 15:46:51 INFO SparkContext: Created broadcast 2 from csv at NativeMethodAccessorImpl.java:0
24/12/31 15:46:51 INFO FileSourceScanExec: Planning scan with bin packing, max size: 4194304 bytes, open cost is considered as scanning 4194304 bytes.
24/12/31 15:46:51 INFO SparkContext: Starting job: csv at NativeMethodAccessorImpl.java:0
24/12/31 15:46:51 INFO DAGScheduler: Got job 1 (csv at NativeMethodAccessorImpl.java:0) with 1 output partitions
24/12/31 15:46:51 INFO DAGScheduler: Final stage: ResultStage 1 (csv at NativeMethodAccessorImpl.java:0)
24/12/31 15:46:51 INFO DAGScheduler: Parents of final stage: List()
24/12/31 15:46:51 INFO DAGScheduler: Missing parents: List()
24/12/31 15:46:51 INFO DAGScheduler: Submitting ResultStage 1 (MapPartitionsRDD[9] at csv at NativeMethodAccessorImpl.java:0), which has no missing parents
24/12/31 15:46:51 INFO MemoryStore: Block broadcast_3 stored as values in memory (estimated size 27.5 KiB, free 433.9 MiB)
24/12/31 15:46:51 INFO MemoryStore: Block broadcast_3_piece0 stored as bytes in memory (estimated size 13.1 KiB, free 433.9 MiB)
24/12/31 15:46:51 INFO BlockManagerInfo: Added broadcast_3_piece0 in memory on 192.168.29.182:33177 (size: 13.1 KiB, free: 434.3 MiB)
24/12/31 15:46:51 INFO SparkContext: Created broadcast 3 from broadcast at DAGScheduler.scala:1585
24/12/31 15:46:51 INFO DAGScheduler: Submitting 1 missing tasks from ResultStage 1 (MapPartitionsRDD[9] at csv at NativeMethodAccessorImpl.java:0) (first 15 tasks are for partitions Vector(0))
24/12/31 15:46:51 INFO TaskSchedulerImpl: Adding task set 1.0 with 1 tasks resource profile 0
24/12/31 15:46:51 INFO TaskSetManager: Starting task 0.0 in stage 1.0 (TID 1) (192.168.29.182, executor driver, partition 0, PROCESS_LOCAL, 9648 bytes) 
24/12/31 15:46:51 INFO Executor: Running task 0.0 in stage 1.0 (TID 1)
24/12/31 15:46:51 INFO BlockManagerInfo: Removed broadcast_1_piece0 on 192.168.29.182:33177 in memory (size: 6.4 KiB, free: 434.3 MiB)
24/12/31 15:46:51 INFO BlockManagerInfo: Removed broadcast_0_piece0 on 192.168.29.182:33177 in memory (size: 34.2 KiB, free: 434.4 MiB)
24/12/31 15:46:51 INFO CodeGenerator: Code generated in 6.536529 ms
24/12/31 15:46:51 INFO FileScanRDD: Reading File path: file:///home/bidut/Desktop/dev/pyspark_learn/Course01Learn/11-UDF_Demo/data/survey.csv, range: 0-303684, partition values: [empty row]
24/12/31 15:46:51 INFO Executor: Finished task 0.0 in stage 1.0 (TID 1). 1789 bytes result sent to driver
24/12/31 15:46:51 INFO TaskSetManager: Finished task 0.0 in stage 1.0 (TID 1) in 309 ms on 192.168.29.182 (executor driver) (1/1)
24/12/31 15:46:51 INFO TaskSchedulerImpl: Removed TaskSet 1.0, whose tasks have all completed, from pool 
24/12/31 15:46:51 INFO DAGScheduler: ResultStage 1 (csv at NativeMethodAccessorImpl.java:0) finished in 0.375 s
24/12/31 15:46:51 INFO DAGScheduler: Job 1 is finished. Cancelling potential speculative or zombie tasks for this job
24/12/31 15:46:51 INFO TaskSchedulerImpl: Killing all running tasks in stage 1: Stage finished
24/12/31 15:46:51 INFO DAGScheduler: Job 1 finished: csv at NativeMethodAccessorImpl.java:0, took 0.384868 s
24/12/31 15:46:51 INFO FileSourceStrategy: Pushed Filters: 
24/12/31 15:46:51 INFO FileSourceStrategy: Post-Scan Filters: 
24/12/31 15:46:51 WARN SparkStringUtils: Truncated the string representation of a plan since it was too large. This behavior can be adjusted by setting 'spark.sql.debug.maxToStringFields'.
24/12/31 15:46:52 INFO CodeGenerator: Code generated in 39.9824 ms
24/12/31 15:46:52 INFO MemoryStore: Block broadcast_4 stored as values in memory (estimated size 199.3 KiB, free 433.9 MiB)
24/12/31 15:46:52 INFO MemoryStore: Block broadcast_4_piece0 stored as bytes in memory (estimated size 34.1 KiB, free 433.9 MiB)
24/12/31 15:46:52 INFO BlockManagerInfo: Added broadcast_4_piece0 in memory on 192.168.29.182:33177 (size: 34.1 KiB, free: 434.3 MiB)
24/12/31 15:46:52 INFO SparkContext: Created broadcast 4 from showString at NativeMethodAccessorImpl.java:0
24/12/31 15:46:52 INFO FileSourceScanExec: Planning scan with bin packing, max size: 4194304 bytes, open cost is considered as scanning 4194304 bytes.
24/12/31 15:46:52 INFO SparkContext: Starting job: showString at NativeMethodAccessorImpl.java:0
24/12/31 15:46:52 INFO DAGScheduler: Got job 2 (showString at NativeMethodAccessorImpl.java:0) with 1 output partitions
24/12/31 15:46:52 INFO DAGScheduler: Final stage: ResultStage 2 (showString at NativeMethodAccessorImpl.java:0)
24/12/31 15:46:52 INFO DAGScheduler: Parents of final stage: List()
24/12/31 15:46:52 INFO DAGScheduler: Missing parents: List()
24/12/31 15:46:52 INFO DAGScheduler: Submitting ResultStage 2 (MapPartitionsRDD[13] at showString at NativeMethodAccessorImpl.java:0), which has no missing parents
24/12/31 15:46:52 INFO MemoryStore: Block broadcast_5 stored as values in memory (estimated size 28.5 KiB, free 433.9 MiB)
24/12/31 15:46:52 INFO MemoryStore: Block broadcast_5_piece0 stored as bytes in memory (estimated size 10.4 KiB, free 433.9 MiB)
24/12/31 15:46:52 INFO BlockManagerInfo: Added broadcast_5_piece0 in memory on 192.168.29.182:33177 (size: 10.4 KiB, free: 434.3 MiB)
24/12/31 15:46:52 INFO SparkContext: Created broadcast 5 from broadcast at DAGScheduler.scala:1585
24/12/31 15:46:52 INFO DAGScheduler: Submitting 1 missing tasks from ResultStage 2 (MapPartitionsRDD[13] at showString at NativeMethodAccessorImpl.java:0) (first 15 tasks are for partitions Vector(0))
24/12/31 15:46:52 INFO TaskSchedulerImpl: Adding task set 2.0 with 1 tasks resource profile 0
24/12/31 15:46:52 INFO TaskSetManager: Starting task 0.0 in stage 2.0 (TID 2) (192.168.29.182, executor driver, partition 0, PROCESS_LOCAL, 9648 bytes) 
24/12/31 15:46:52 INFO Executor: Running task 0.0 in stage 2.0 (TID 2)
24/12/31 15:46:52 INFO CodeGenerator: Code generated in 29.435348 ms
24/12/31 15:46:52 INFO FileScanRDD: Reading File path: file:///home/bidut/Desktop/dev/pyspark_learn/Course01Learn/11-UDF_Demo/data/survey.csv, range: 0-303684, partition values: [empty row]
24/12/31 15:46:52 INFO CodeGenerator: Code generated in 24.066526 ms
24/12/31 15:46:52 INFO Executor: Finished task 0.0 in stage 2.0 (TID 2). 3669 bytes result sent to driver
24/12/31 15:46:52 INFO TaskSetManager: Finished task 0.0 in stage 2.0 (TID 2) in 144 ms on 192.168.29.182 (executor driver) (1/1)
24/12/31 15:46:52 INFO TaskSchedulerImpl: Removed TaskSet 2.0, whose tasks have all completed, from pool 
24/12/31 15:46:52 INFO DAGScheduler: ResultStage 2 (showString at NativeMethodAccessorImpl.java:0) finished in 0.159 s
24/12/31 15:46:52 INFO DAGScheduler: Job 2 is finished. Cancelling potential speculative or zombie tasks for this job
24/12/31 15:46:52 INFO TaskSchedulerImpl: Killing all running tasks in stage 2: Stage finished
24/12/31 15:46:52 INFO DAGScheduler: Job 2 finished: showString at NativeMethodAccessorImpl.java:0, took 0.169396 s
24/12/31 15:46:52 INFO CodeGenerator: Code generated in 22.413993 ms
24/12/31 15:46:52 INFO ExploringColumns: Catalog Entry:
24/12/31 15:46:52 INFO HiveConf: Found configuration file null
24/12/31 15:46:52 INFO HiveUtils: Initializing HiveMetastoreConnection version 2.3.9 using Spark classes.
24/12/31 15:46:52 INFO HiveClientImpl: Warehouse location for Hive client (version 2.3.9) is file:/home/bidut/Desktop/dev/pyspark_learn/Course01Learn/11-UDF_Demo/spark-warehouse
24/12/31 15:46:52 INFO BlockManagerInfo: Removed broadcast_5_piece0 on 192.168.29.182:33177 in memory (size: 10.4 KiB, free: 434.3 MiB)
24/12/31 15:46:52 INFO BlockManagerInfo: Removed broadcast_3_piece0 on 192.168.29.182:33177 in memory (size: 13.1 KiB, free: 434.3 MiB)
24/12/31 15:46:52 INFO BlockManagerInfo: Removed broadcast_2_piece0 on 192.168.29.182:33177 in memory (size: 34.2 KiB, free: 434.4 MiB)
24/12/31 15:46:52 WARN HiveConf: HiveConf of name hive.stats.jdbc.timeout does not exist
24/12/31 15:46:52 WARN HiveConf: HiveConf of name hive.stats.retries.wait does not exist
24/12/31 15:46:52 INFO HiveMetaStore: 0: Opening raw store with implementation class:org.apache.hadoop.hive.metastore.ObjectStore
24/12/31 15:46:52 INFO ObjectStore: ObjectStore, initialize called
24/12/31 15:46:53 INFO Persistence: Property hive.metastore.integral.jdo.pushdown unknown - will be ignored
24/12/31 15:46:53 INFO Persistence: Property datanucleus.cache.level2 unknown - will be ignored
24/12/31 15:46:54 INFO ObjectStore: Setting MetaStore object pin classes with hive.metastore.cache.pinobjtypes="Table,StorageDescriptor,SerDeInfo,Partition,Database,Type,FieldSchema,Order"
24/12/31 15:46:54 INFO BlockManagerInfo: Removed broadcast_4_piece0 on 192.168.29.182:33177 in memory (size: 34.1 KiB, free: 434.4 MiB)
24/12/31 15:46:56 INFO MetaStoreDirectSql: Using direct SQL, underlying DB is DERBY
24/12/31 15:46:56 INFO ObjectStore: Initialized ObjectStore
24/12/31 15:46:57 WARN ObjectStore: Version information not found in metastore. hive.metastore.schema.verification is not enabled so recording the schema version 2.3.0
24/12/31 15:46:57 WARN ObjectStore: setMetaStoreSchemaVersion called but recording version is disabled: version = 2.3.0, comment = Set by MetaStore bidut@127.0.1.1
24/12/31 15:46:57 WARN ObjectStore: Failed to get database default, returning NoSuchObjectException
24/12/31 15:46:57 INFO HiveMetaStore: Added admin role in metastore
24/12/31 15:46:57 INFO HiveMetaStore: Added public role in metastore
24/12/31 15:46:57 INFO HiveMetaStore: No user is added in admin role, since config is empty
24/12/31 15:46:57 INFO HiveMetaStore: 0: get_database: default
24/12/31 15:46:57 INFO audit: ugi=bidut	ip=unknown-ip-addr	cmd=get_database: default	
24/12/31 15:46:57 INFO HiveMetaStore: 0: get_database: default
24/12/31 15:46:57 INFO audit: ugi=bidut	ip=unknown-ip-addr	cmd=get_database: default	
24/12/31 15:46:57 INFO HiveMetaStore: 0: get_database: default
24/12/31 15:46:57 INFO audit: ugi=bidut	ip=unknown-ip-addr	cmd=get_database: default	
24/12/31 15:46:57 INFO HiveMetaStore: 0: get_database: default
24/12/31 15:46:57 INFO audit: ugi=bidut	ip=unknown-ip-addr	cmd=get_database: default	
24/12/31 15:46:57 INFO HiveMetaStore: 0: get_functions: db=default pat=*
24/12/31 15:46:57 INFO audit: ugi=bidut	ip=unknown-ip-addr	cmd=get_functions: db=default pat=*	
24/12/31 15:46:58 INFO CodeGenerator: Code generated in 9.55864 ms
24/12/31 15:46:59 INFO SparkContext: Starting job: listFunctions at NativeMethodAccessorImpl.java:0
24/12/31 15:46:59 INFO DAGScheduler: Got job 3 (listFunctions at NativeMethodAccessorImpl.java:0) with 3 output partitions
24/12/31 15:46:59 INFO DAGScheduler: Final stage: ResultStage 3 (listFunctions at NativeMethodAccessorImpl.java:0)
24/12/31 15:46:59 INFO DAGScheduler: Parents of final stage: List()
24/12/31 15:46:59 INFO DAGScheduler: Missing parents: List()
24/12/31 15:46:59 INFO DAGScheduler: Submitting ResultStage 3 (SQLExecutionRDD[16] at listFunctions at NativeMethodAccessorImpl.java:0), which has no missing parents
24/12/31 15:46:59 INFO MemoryStore: Block broadcast_6 stored as values in memory (estimated size 6.7 KiB, free 434.4 MiB)
24/12/31 15:46:59 INFO MemoryStore: Block broadcast_6_piece0 stored as bytes in memory (estimated size 3.7 KiB, free 434.4 MiB)
24/12/31 15:46:59 INFO BlockManagerInfo: Added broadcast_6_piece0 in memory on 192.168.29.182:33177 (size: 3.7 KiB, free: 434.4 MiB)
24/12/31 15:46:59 INFO SparkContext: Created broadcast 6 from broadcast at DAGScheduler.scala:1585
24/12/31 15:46:59 INFO DAGScheduler: Submitting 3 missing tasks from ResultStage 3 (SQLExecutionRDD[16] at listFunctions at NativeMethodAccessorImpl.java:0) (first 15 tasks are for partitions Vector(0, 1, 2))
24/12/31 15:46:59 INFO TaskSchedulerImpl: Adding task set 3.0 with 3 tasks resource profile 0
24/12/31 15:46:59 INFO TaskSetManager: Starting task 0.0 in stage 3.0 (TID 3) (192.168.29.182, executor driver, partition 0, PROCESS_LOCAL, 15692 bytes) 
24/12/31 15:46:59 INFO TaskSetManager: Starting task 1.0 in stage 3.0 (TID 4) (192.168.29.182, executor driver, partition 1, PROCESS_LOCAL, 15660 bytes) 
24/12/31 15:46:59 INFO TaskSetManager: Starting task 2.0 in stage 3.0 (TID 5) (192.168.29.182, executor driver, partition 2, PROCESS_LOCAL, 15740 bytes) 
24/12/31 15:46:59 INFO Executor: Running task 0.0 in stage 3.0 (TID 3)
24/12/31 15:46:59 INFO Executor: Running task 2.0 in stage 3.0 (TID 5)
24/12/31 15:46:59 INFO Executor: Running task 1.0 in stage 3.0 (TID 4)
24/12/31 15:46:59 INFO Executor: Finished task 0.0 in stage 3.0 (TID 3). 7888 bytes result sent to driver
24/12/31 15:46:59 INFO Executor: Finished task 2.0 in stage 3.0 (TID 5). 7936 bytes result sent to driver
24/12/31 15:46:59 INFO Executor: Finished task 1.0 in stage 3.0 (TID 4). 7856 bytes result sent to driver
24/12/31 15:46:59 INFO TaskSetManager: Finished task 0.0 in stage 3.0 (TID 3) in 67 ms on 192.168.29.182 (executor driver) (1/3)
24/12/31 15:46:59 INFO TaskSetManager: Finished task 2.0 in stage 3.0 (TID 5) in 59 ms on 192.168.29.182 (executor driver) (2/3)
24/12/31 15:46:59 INFO TaskSetManager: Finished task 1.0 in stage 3.0 (TID 4) in 61 ms on 192.168.29.182 (executor driver) (3/3)
24/12/31 15:46:59 INFO TaskSchedulerImpl: Removed TaskSet 3.0, whose tasks have all completed, from pool 
24/12/31 15:46:59 INFO DAGScheduler: ResultStage 3 (listFunctions at NativeMethodAccessorImpl.java:0) finished in 0.084 s
24/12/31 15:46:59 INFO DAGScheduler: Job 3 is finished. Cancelling potential speculative or zombie tasks for this job
24/12/31 15:46:59 INFO TaskSchedulerImpl: Killing all running tasks in stage 3: Stage finished
24/12/31 15:46:59 INFO DAGScheduler: Job 3 finished: listFunctions at NativeMethodAccessorImpl.java:0, took 0.093332 s
24/12/31 15:46:59 INFO HiveMetaStore: 0: get_database: default
24/12/31 15:46:59 INFO audit: ugi=bidut	ip=unknown-ip-addr	cmd=get_database: default	
24/12/31 15:46:59 INFO HiveMetaStore: 0: get_database: default
24/12/31 15:46:59 INFO audit: ugi=bidut	ip=unknown-ip-addr	cmd=get_database: default	
24/12/31 15:46:59 INFO HiveMetaStore: 0: get_functions: db=default pat=*
24/12/31 15:46:59 INFO audit: ugi=bidut	ip=unknown-ip-addr	cmd=get_functions: db=default pat=*	
24/12/31 15:47:00 INFO BlockManagerInfo: Removed broadcast_6_piece0 on 192.168.29.182:33177 in memory (size: 3.7 KiB, free: 434.4 MiB)
24/12/31 15:47:00 INFO SparkContext: Starting job: listFunctions at NativeMethodAccessorImpl.java:0
24/12/31 15:47:00 INFO DAGScheduler: Job 4 finished: listFunctions at NativeMethodAccessorImpl.java:0, took 0.000387 s
24/12/31 15:47:00 INFO CodeGenerator: Code generated in 30.069686 ms
24/12/31 15:47:00 INFO CodeGenerator: Code generated in 8.794164 ms
24/12/31 15:47:00 INFO SparkContext: Starting job: hasNext at NativeMethodAccessorImpl.java:0
24/12/31 15:47:00 INFO DAGScheduler: Got job 5 (hasNext at NativeMethodAccessorImpl.java:0) with 1 output partitions
24/12/31 15:47:00 INFO DAGScheduler: Final stage: ResultStage 4 (hasNext at NativeMethodAccessorImpl.java:0)
24/12/31 15:47:00 INFO DAGScheduler: Parents of final stage: List()
24/12/31 15:47:00 INFO DAGScheduler: Missing parents: List()
24/12/31 15:47:00 INFO DAGScheduler: Submitting ResultStage 4 (MapPartitionsRDD[23] at toLocalIterator at NativeMethodAccessorImpl.java:0), which has no missing parents
24/12/31 15:47:00 INFO MemoryStore: Block broadcast_7 stored as values in memory (estimated size 5.5 KiB, free 434.4 MiB)
24/12/31 15:47:00 INFO MemoryStore: Block broadcast_7_piece0 stored as bytes in memory (estimated size 3.0 KiB, free 434.4 MiB)
24/12/31 15:47:00 INFO BlockManagerInfo: Added broadcast_7_piece0 in memory on 192.168.29.182:33177 (size: 3.0 KiB, free: 434.4 MiB)
24/12/31 15:47:00 INFO SparkContext: Created broadcast 7 from broadcast at DAGScheduler.scala:1585
24/12/31 15:47:00 INFO DAGScheduler: Submitting 1 missing tasks from ResultStage 4 (MapPartitionsRDD[23] at toLocalIterator at NativeMethodAccessorImpl.java:0) (first 15 tasks are for partitions Vector(0))
24/12/31 15:47:00 INFO TaskSchedulerImpl: Adding task set 4.0 with 1 tasks resource profile 0
24/12/31 15:47:00 INFO TaskSetManager: Starting task 0.0 in stage 4.0 (TID 6) (192.168.29.182, executor driver, partition 0, PROCESS_LOCAL, 50135 bytes) 
24/12/31 15:47:00 INFO Executor: Running task 0.0 in stage 4.0 (TID 6)
24/12/31 15:47:00 INFO Executor: Finished task 0.0 in stage 4.0 (TID 6). 16853 bytes result sent to driver
24/12/31 15:47:00 INFO TaskSetManager: Finished task 0.0 in stage 4.0 (TID 6) in 34 ms on 192.168.29.182 (executor driver) (1/1)
24/12/31 15:47:00 INFO TaskSchedulerImpl: Removed TaskSet 4.0, whose tasks have all completed, from pool 
24/12/31 15:47:00 INFO DAGScheduler: ResultStage 4 (hasNext at NativeMethodAccessorImpl.java:0) finished in 0.054 s
24/12/31 15:47:00 INFO DAGScheduler: Job 5 is finished. Cancelling potential speculative or zombie tasks for this job
24/12/31 15:47:00 INFO TaskSchedulerImpl: Killing all running tasks in stage 4: Stage finished
24/12/31 15:47:00 INFO DAGScheduler: Job 5 finished: hasNext at NativeMethodAccessorImpl.java:0, took 0.064392 s
24/12/31 15:47:00 INFO CodeGenerator: Code generated in 16.35568 ms
24/12/31 15:47:00 INFO SparkContext: Starting job: hasNext at <unknown>:0
24/12/31 15:47:00 INFO DAGScheduler: Got job 6 (hasNext at <unknown>:0) with 1 output partitions
24/12/31 15:47:00 INFO DAGScheduler: Final stage: ResultStage 5 (hasNext at <unknown>:0)
24/12/31 15:47:00 INFO DAGScheduler: Parents of final stage: List()
24/12/31 15:47:00 INFO DAGScheduler: Missing parents: List()
24/12/31 15:47:00 INFO DAGScheduler: Submitting ResultStage 5 (MapPartitionsRDD[23] at toLocalIterator at NativeMethodAccessorImpl.java:0), which has no missing parents
24/12/31 15:47:00 INFO MemoryStore: Block broadcast_8 stored as values in memory (estimated size 5.5 KiB, free 434.4 MiB)
24/12/31 15:47:00 INFO MemoryStore: Block broadcast_8_piece0 stored as bytes in memory (estimated size 3.0 KiB, free 434.4 MiB)
24/12/31 15:47:00 INFO BlockManagerInfo: Added broadcast_8_piece0 in memory on 192.168.29.182:33177 (size: 3.0 KiB, free: 434.4 MiB)
24/12/31 15:47:00 INFO SparkContext: Created broadcast 8 from broadcast at DAGScheduler.scala:1585
24/12/31 15:47:00 INFO DAGScheduler: Submitting 1 missing tasks from ResultStage 5 (MapPartitionsRDD[23] at toLocalIterator at NativeMethodAccessorImpl.java:0) (first 15 tasks are for partitions Vector(1))
24/12/31 15:47:00 INFO TaskSchedulerImpl: Adding task set 5.0 with 1 tasks resource profile 0
24/12/31 15:47:00 INFO TaskSetManager: Starting task 0.0 in stage 5.0 (TID 7) (192.168.29.182, executor driver, partition 1, PROCESS_LOCAL, 52247 bytes) 
24/12/31 15:47:00 INFO Executor: Running task 0.0 in stage 5.0 (TID 7)
24/12/31 15:47:00 INFO Executor: Finished task 0.0 in stage 5.0 (TID 7). 18020 bytes result sent to driver
24/12/31 15:47:00 INFO TaskSetManager: Finished task 0.0 in stage 5.0 (TID 7) in 12 ms on 192.168.29.182 (executor driver) (1/1)
24/12/31 15:47:00 INFO TaskSchedulerImpl: Removed TaskSet 5.0, whose tasks have all completed, from pool 
24/12/31 15:47:00 INFO DAGScheduler: ResultStage 5 (hasNext at <unknown>:0) finished in 0.021 s
24/12/31 15:47:00 INFO DAGScheduler: Job 6 is finished. Cancelling potential speculative or zombie tasks for this job
24/12/31 15:47:00 INFO TaskSchedulerImpl: Killing all running tasks in stage 5: Stage finished
24/12/31 15:47:00 INFO DAGScheduler: Job 6 finished: hasNext at <unknown>:0, took 0.027512 s
24/12/31 15:47:00 INFO SparkContext: Starting job: hasNext at <unknown>:0
24/12/31 15:47:00 INFO DAGScheduler: Got job 7 (hasNext at <unknown>:0) with 1 output partitions
24/12/31 15:47:00 INFO DAGScheduler: Final stage: ResultStage 6 (hasNext at <unknown>:0)
24/12/31 15:47:00 INFO DAGScheduler: Parents of final stage: List()
24/12/31 15:47:00 INFO DAGScheduler: Missing parents: List()
24/12/31 15:47:00 INFO DAGScheduler: Submitting ResultStage 6 (MapPartitionsRDD[23] at toLocalIterator at NativeMethodAccessorImpl.java:0), which has no missing parents
24/12/31 15:47:00 INFO MemoryStore: Block broadcast_9 stored as values in memory (estimated size 5.5 KiB, free 434.4 MiB)
24/12/31 15:47:00 INFO MemoryStore: Block broadcast_9_piece0 stored as bytes in memory (estimated size 3.0 KiB, free 434.4 MiB)
24/12/31 15:47:00 INFO BlockManagerInfo: Added broadcast_9_piece0 in memory on 192.168.29.182:33177 (size: 3.0 KiB, free: 434.4 MiB)
24/12/31 15:47:00 INFO SparkContext: Created broadcast 9 from broadcast at DAGScheduler.scala:1585
24/12/31 15:47:00 INFO DAGScheduler: Submitting 1 missing tasks from ResultStage 6 (MapPartitionsRDD[23] at toLocalIterator at NativeMethodAccessorImpl.java:0) (first 15 tasks are for partitions Vector(2))
24/12/31 15:47:00 INFO TaskSchedulerImpl: Adding task set 6.0 with 1 tasks resource profile 0
24/12/31 15:47:00 INFO TaskSetManager: Starting task 0.0 in stage 6.0 (TID 8) (192.168.29.182, executor driver, partition 2, PROCESS_LOCAL, 57145 bytes) 
24/12/31 15:47:00 INFO Executor: Running task 0.0 in stage 6.0 (TID 8)
24/12/31 15:47:00 INFO BlockManagerInfo: Removed broadcast_7_piece0 on 192.168.29.182:33177 in memory (size: 3.0 KiB, free: 434.4 MiB)
24/12/31 15:47:00 INFO Executor: Finished task 0.0 in stage 6.0 (TID 8). 18338 bytes result sent to driver
24/12/31 15:47:00 INFO TaskSetManager: Finished task 0.0 in stage 6.0 (TID 8) in 24 ms on 192.168.29.182 (executor driver) (1/1)
24/12/31 15:47:00 INFO TaskSchedulerImpl: Removed TaskSet 6.0, whose tasks have all completed, from pool 
24/12/31 15:47:00 INFO DAGScheduler: ResultStage 6 (hasNext at <unknown>:0) finished in 0.033 s
24/12/31 15:47:00 INFO DAGScheduler: Job 7 is finished. Cancelling potential speculative or zombie tasks for this job
24/12/31 15:47:00 INFO TaskSchedulerImpl: Killing all running tasks in stage 6: Stage finished
24/12/31 15:47:00 INFO BlockManagerInfo: Removed broadcast_8_piece0 on 192.168.29.182:33177 in memory (size: 3.0 KiB, free: 434.4 MiB)
24/12/31 15:47:00 INFO DAGScheduler: Job 7 finished: hasNext at <unknown>:0, took 0.042904 s
24/12/31 15:47:01 INFO FileSourceStrategy: Pushed Filters: 
24/12/31 15:47:01 INFO FileSourceStrategy: Post-Scan Filters: 
24/12/31 15:47:01 INFO CodeGenerator: Code generated in 18.030849 ms
24/12/31 15:47:01 INFO CodeGenerator: Code generated in 11.661186 ms
24/12/31 15:47:01 INFO MemoryStore: Block broadcast_10 stored as values in memory (estimated size 199.3 KiB, free 434.2 MiB)
24/12/31 15:47:01 INFO MemoryStore: Block broadcast_10_piece0 stored as bytes in memory (estimated size 34.1 KiB, free 434.2 MiB)
24/12/31 15:47:01 INFO BlockManagerInfo: Added broadcast_10_piece0 in memory on 192.168.29.182:33177 (size: 34.1 KiB, free: 434.4 MiB)
24/12/31 15:47:01 INFO SparkContext: Created broadcast 10 from showString at NativeMethodAccessorImpl.java:0
24/12/31 15:47:01 INFO FileSourceScanExec: Planning scan with bin packing, max size: 4194304 bytes, open cost is considered as scanning 4194304 bytes.
24/12/31 15:47:01 INFO SparkContext: Starting job: showString at NativeMethodAccessorImpl.java:0
24/12/31 15:47:01 INFO DAGScheduler: Got job 8 (showString at NativeMethodAccessorImpl.java:0) with 1 output partitions
24/12/31 15:47:01 INFO DAGScheduler: Final stage: ResultStage 7 (showString at NativeMethodAccessorImpl.java:0)
24/12/31 15:47:01 INFO DAGScheduler: Parents of final stage: List()
24/12/31 15:47:01 INFO DAGScheduler: Missing parents: List()
24/12/31 15:47:01 INFO DAGScheduler: Submitting ResultStage 7 (MapPartitionsRDD[30] at showString at NativeMethodAccessorImpl.java:0), which has no missing parents
24/12/31 15:47:01 INFO MemoryStore: Block broadcast_11 stored as values in memory (estimated size 53.6 KiB, free 434.1 MiB)
24/12/31 15:47:01 INFO MemoryStore: Block broadcast_11_piece0 stored as bytes in memory (estimated size 19.9 KiB, free 434.1 MiB)
24/12/31 15:47:01 INFO BlockManagerInfo: Added broadcast_11_piece0 in memory on 192.168.29.182:33177 (size: 19.9 KiB, free: 434.3 MiB)
24/12/31 15:47:01 INFO SparkContext: Created broadcast 11 from broadcast at DAGScheduler.scala:1585
24/12/31 15:47:01 INFO DAGScheduler: Submitting 1 missing tasks from ResultStage 7 (MapPartitionsRDD[30] at showString at NativeMethodAccessorImpl.java:0) (first 15 tasks are for partitions Vector(0))
24/12/31 15:47:01 INFO TaskSchedulerImpl: Adding task set 7.0 with 1 tasks resource profile 0
24/12/31 15:47:01 INFO TaskSetManager: Starting task 0.0 in stage 7.0 (TID 9) (192.168.29.182, executor driver, partition 0, PROCESS_LOCAL, 9648 bytes) 
24/12/31 15:47:01 INFO Executor: Running task 0.0 in stage 7.0 (TID 9)
24/12/31 15:47:01 INFO CodeGenerator: Code generated in 19.583529 ms
24/12/31 15:47:01 INFO CodeGenerator: Code generated in 6.764551 ms
24/12/31 15:47:02 INFO FileScanRDD: Reading File path: file:///home/bidut/Desktop/dev/pyspark_learn/Course01Learn/11-UDF_Demo/data/survey.csv, range: 0-303684, partition values: [empty row]
24/12/31 15:47:02 INFO BlockManagerInfo: Removed broadcast_9_piece0 on 192.168.29.182:33177 in memory (size: 3.0 KiB, free: 434.3 MiB)
24/12/31 15:47:02 INFO CodeGenerator: Code generated in 33.962507 ms
24/12/31 15:47:02 INFO CodeGenerator: Code generated in 51.299995 ms
24/12/31 15:47:02 INFO Executor: Finished task 0.0 in stage 7.0 (TID 9). 4558 bytes result sent to driver
24/12/31 15:47:02 INFO TaskSetManager: Finished task 0.0 in stage 7.0 (TID 9) in 889 ms on 192.168.29.182 (executor driver) (1/1)
24/12/31 15:47:02 INFO TaskSchedulerImpl: Removed TaskSet 7.0, whose tasks have all completed, from pool 
24/12/31 15:47:02 INFO PythonAccumulatorV2: Connected to AccumulatorServer at host: 127.0.0.1 port: 58453
24/12/31 15:47:02 INFO DAGScheduler: ResultStage 7 (showString at NativeMethodAccessorImpl.java:0) finished in 0.903 s
24/12/31 15:47:02 INFO DAGScheduler: Job 8 is finished. Cancelling potential speculative or zombie tasks for this job
24/12/31 15:47:02 INFO TaskSchedulerImpl: Killing all running tasks in stage 7: Stage finished
24/12/31 15:47:02 INFO DAGScheduler: Job 8 finished: showString at NativeMethodAccessorImpl.java:0, took 0.912121 s
24/12/31 15:47:02 INFO ExploringColumns: Catalog Entry:
24/12/31 15:47:02 INFO HiveMetaStore: 0: get_database: default
24/12/31 15:47:02 INFO audit: ugi=bidut	ip=unknown-ip-addr	cmd=get_database: default	
24/12/31 15:47:02 INFO HiveMetaStore: 0: get_database: default
24/12/31 15:47:02 INFO audit: ugi=bidut	ip=unknown-ip-addr	cmd=get_database: default	
24/12/31 15:47:02 INFO HiveMetaStore: 0: get_database: default
24/12/31 15:47:02 INFO audit: ugi=bidut	ip=unknown-ip-addr	cmd=get_database: default	
24/12/31 15:47:02 INFO HiveMetaStore: 0: get_functions: db=default pat=*
24/12/31 15:47:02 INFO audit: ugi=bidut	ip=unknown-ip-addr	cmd=get_functions: db=default pat=*	
24/12/31 15:47:02 INFO SparkContext: Starting job: listFunctions at NativeMethodAccessorImpl.java:0
24/12/31 15:47:02 INFO DAGScheduler: Got job 9 (listFunctions at NativeMethodAccessorImpl.java:0) with 3 output partitions
24/12/31 15:47:02 INFO DAGScheduler: Final stage: ResultStage 8 (listFunctions at NativeMethodAccessorImpl.java:0)
24/12/31 15:47:02 INFO DAGScheduler: Parents of final stage: List()
24/12/31 15:47:02 INFO DAGScheduler: Missing parents: List()
24/12/31 15:47:02 INFO DAGScheduler: Submitting ResultStage 8 (SQLExecutionRDD[33] at listFunctions at NativeMethodAccessorImpl.java:0), which has no missing parents
24/12/31 15:47:02 INFO MemoryStore: Block broadcast_12 stored as values in memory (estimated size 6.7 KiB, free 434.1 MiB)
24/12/31 15:47:02 INFO MemoryStore: Block broadcast_12_piece0 stored as bytes in memory (estimated size 3.7 KiB, free 434.1 MiB)
24/12/31 15:47:02 INFO BlockManagerInfo: Added broadcast_12_piece0 in memory on 192.168.29.182:33177 (size: 3.7 KiB, free: 434.3 MiB)
24/12/31 15:47:02 INFO SparkContext: Created broadcast 12 from broadcast at DAGScheduler.scala:1585
24/12/31 15:47:02 INFO DAGScheduler: Submitting 3 missing tasks from ResultStage 8 (SQLExecutionRDD[33] at listFunctions at NativeMethodAccessorImpl.java:0) (first 15 tasks are for partitions Vector(0, 1, 2))
24/12/31 15:47:02 INFO TaskSchedulerImpl: Adding task set 8.0 with 3 tasks resource profile 0
24/12/31 15:47:02 INFO TaskSetManager: Starting task 0.0 in stage 8.0 (TID 10) (192.168.29.182, executor driver, partition 0, PROCESS_LOCAL, 15692 bytes) 
24/12/31 15:47:02 INFO TaskSetManager: Starting task 1.0 in stage 8.0 (TID 11) (192.168.29.182, executor driver, partition 1, PROCESS_LOCAL, 15660 bytes) 
24/12/31 15:47:02 INFO TaskSetManager: Starting task 2.0 in stage 8.0 (TID 12) (192.168.29.182, executor driver, partition 2, PROCESS_LOCAL, 15740 bytes) 
24/12/31 15:47:02 INFO Executor: Running task 1.0 in stage 8.0 (TID 11)
24/12/31 15:47:02 INFO Executor: Running task 0.0 in stage 8.0 (TID 10)
24/12/31 15:47:02 INFO Executor: Running task 2.0 in stage 8.0 (TID 12)
24/12/31 15:47:02 INFO Executor: Finished task 2.0 in stage 8.0 (TID 12). 7979 bytes result sent to driver
24/12/31 15:47:02 INFO Executor: Finished task 1.0 in stage 8.0 (TID 11). 7856 bytes result sent to driver
24/12/31 15:47:02 INFO Executor: Finished task 0.0 in stage 8.0 (TID 10). 7888 bytes result sent to driver
24/12/31 15:47:02 INFO BlockManagerInfo: Removed broadcast_10_piece0 on 192.168.29.182:33177 in memory (size: 34.1 KiB, free: 434.4 MiB)
24/12/31 15:47:02 INFO TaskSetManager: Finished task 0.0 in stage 8.0 (TID 10) in 24 ms on 192.168.29.182 (executor driver) (1/3)
24/12/31 15:47:02 INFO TaskSetManager: Finished task 1.0 in stage 8.0 (TID 11) in 24 ms on 192.168.29.182 (executor driver) (2/3)
24/12/31 15:47:02 INFO TaskSetManager: Finished task 2.0 in stage 8.0 (TID 12) in 23 ms on 192.168.29.182 (executor driver) (3/3)
24/12/31 15:47:02 INFO TaskSchedulerImpl: Removed TaskSet 8.0, whose tasks have all completed, from pool 
24/12/31 15:47:02 INFO DAGScheduler: ResultStage 8 (listFunctions at NativeMethodAccessorImpl.java:0) finished in 0.035 s
24/12/31 15:47:02 INFO DAGScheduler: Job 9 is finished. Cancelling potential speculative or zombie tasks for this job
24/12/31 15:47:02 INFO TaskSchedulerImpl: Killing all running tasks in stage 8: Stage finished
24/12/31 15:47:02 INFO BlockManagerInfo: Removed broadcast_11_piece0 on 192.168.29.182:33177 in memory (size: 19.9 KiB, free: 434.4 MiB)
24/12/31 15:47:02 INFO DAGScheduler: Job 9 finished: listFunctions at NativeMethodAccessorImpl.java:0, took 0.041532 s
24/12/31 15:47:02 INFO HiveMetaStore: 0: get_database: default
24/12/31 15:47:02 INFO audit: ugi=bidut	ip=unknown-ip-addr	cmd=get_database: default	
24/12/31 15:47:02 INFO HiveMetaStore: 0: get_database: default
24/12/31 15:47:02 INFO audit: ugi=bidut	ip=unknown-ip-addr	cmd=get_database: default	
24/12/31 15:47:02 INFO HiveMetaStore: 0: get_functions: db=default pat=*
24/12/31 15:47:02 INFO audit: ugi=bidut	ip=unknown-ip-addr	cmd=get_functions: db=default pat=*	
24/12/31 15:47:02 INFO SparkContext: Starting job: listFunctions at NativeMethodAccessorImpl.java:0
24/12/31 15:47:02 INFO DAGScheduler: Got job 10 (listFunctions at NativeMethodAccessorImpl.java:0) with 1 output partitions
24/12/31 15:47:02 INFO DAGScheduler: Final stage: ResultStage 9 (listFunctions at NativeMethodAccessorImpl.java:0)
24/12/31 15:47:02 INFO DAGScheduler: Parents of final stage: List()
24/12/31 15:47:02 INFO DAGScheduler: Missing parents: List()
24/12/31 15:47:02 INFO DAGScheduler: Submitting ResultStage 9 (SQLExecutionRDD[36] at listFunctions at NativeMethodAccessorImpl.java:0), which has no missing parents
24/12/31 15:47:02 INFO MemoryStore: Block broadcast_13 stored as values in memory (estimated size 6.7 KiB, free 434.4 MiB)
24/12/31 15:47:02 INFO MemoryStore: Block broadcast_13_piece0 stored as bytes in memory (estimated size 3.7 KiB, free 434.4 MiB)
24/12/31 15:47:02 INFO BlockManagerInfo: Added broadcast_13_piece0 in memory on 192.168.29.182:33177 (size: 3.7 KiB, free: 434.4 MiB)
24/12/31 15:47:02 INFO SparkContext: Created broadcast 13 from broadcast at DAGScheduler.scala:1585
24/12/31 15:47:02 INFO BlockManagerInfo: Removed broadcast_12_piece0 on 192.168.29.182:33177 in memory (size: 3.7 KiB, free: 434.4 MiB)
24/12/31 15:47:02 INFO DAGScheduler: Submitting 1 missing tasks from ResultStage 9 (SQLExecutionRDD[36] at listFunctions at NativeMethodAccessorImpl.java:0) (first 15 tasks are for partitions Vector(0))
24/12/31 15:47:02 INFO TaskSchedulerImpl: Adding task set 9.0 with 1 tasks resource profile 0
24/12/31 15:47:02 INFO TaskSetManager: Starting task 0.0 in stage 9.0 (TID 13) (192.168.29.182, executor driver, partition 0, PROCESS_LOCAL, 9187 bytes) 
24/12/31 15:47:02 INFO Executor: Running task 0.0 in stage 9.0 (TID 13)
24/12/31 15:47:02 INFO Executor: Finished task 0.0 in stage 9.0 (TID 13). 1307 bytes result sent to driver
24/12/31 15:47:02 INFO TaskSetManager: Finished task 0.0 in stage 9.0 (TID 13) in 10 ms on 192.168.29.182 (executor driver) (1/1)
24/12/31 15:47:02 INFO TaskSchedulerImpl: Removed TaskSet 9.0, whose tasks have all completed, from pool 
24/12/31 15:47:02 INFO DAGScheduler: ResultStage 9 (listFunctions at NativeMethodAccessorImpl.java:0) finished in 0.027 s
24/12/31 15:47:02 INFO DAGScheduler: Job 10 is finished. Cancelling potential speculative or zombie tasks for this job
24/12/31 15:47:02 INFO TaskSchedulerImpl: Killing all running tasks in stage 9: Stage finished
24/12/31 15:47:02 INFO DAGScheduler: Job 10 finished: listFunctions at NativeMethodAccessorImpl.java:0, took 0.033338 s
24/12/31 15:47:02 INFO SparkContext: Starting job: hasNext at <unknown>:0
24/12/31 15:47:02 INFO DAGScheduler: Got job 11 (hasNext at <unknown>:0) with 1 output partitions
24/12/31 15:47:02 INFO DAGScheduler: Final stage: ResultStage 10 (hasNext at <unknown>:0)
24/12/31 15:47:02 INFO DAGScheduler: Parents of final stage: List()
24/12/31 15:47:02 INFO DAGScheduler: Missing parents: List()
24/12/31 15:47:02 INFO DAGScheduler: Submitting ResultStage 10 (MapPartitionsRDD[40] at toLocalIterator at NativeMethodAccessorImpl.java:0), which has no missing parents
24/12/31 15:47:02 INFO MemoryStore: Block broadcast_14 stored as values in memory (estimated size 5.5 KiB, free 434.4 MiB)
24/12/31 15:47:02 INFO MemoryStore: Block broadcast_14_piece0 stored as bytes in memory (estimated size 3.0 KiB, free 434.4 MiB)
24/12/31 15:47:02 INFO BlockManagerInfo: Added broadcast_14_piece0 in memory on 192.168.29.182:33177 (size: 3.0 KiB, free: 434.4 MiB)
24/12/31 15:47:02 INFO BlockManagerInfo: Removed broadcast_13_piece0 on 192.168.29.182:33177 in memory (size: 3.7 KiB, free: 434.4 MiB)
24/12/31 15:47:02 INFO SparkContext: Created broadcast 14 from broadcast at DAGScheduler.scala:1585
24/12/31 15:47:02 INFO DAGScheduler: Submitting 1 missing tasks from ResultStage 10 (MapPartitionsRDD[40] at toLocalIterator at NativeMethodAccessorImpl.java:0) (first 15 tasks are for partitions Vector(0))
24/12/31 15:47:02 INFO TaskSchedulerImpl: Adding task set 10.0 with 1 tasks resource profile 0
24/12/31 15:47:02 INFO TaskSetManager: Starting task 0.0 in stage 10.0 (TID 14) (192.168.29.182, executor driver, partition 0, PROCESS_LOCAL, 50135 bytes) 
24/12/31 15:47:02 INFO Executor: Running task 0.0 in stage 10.0 (TID 14)
24/12/31 15:47:02 INFO Executor: Finished task 0.0 in stage 10.0 (TID 14). 16810 bytes result sent to driver
24/12/31 15:47:02 INFO TaskSetManager: Finished task 0.0 in stage 10.0 (TID 14) in 13 ms on 192.168.29.182 (executor driver) (1/1)
24/12/31 15:47:02 INFO TaskSchedulerImpl: Removed TaskSet 10.0, whose tasks have all completed, from pool 
24/12/31 15:47:02 INFO DAGScheduler: ResultStage 10 (hasNext at <unknown>:0) finished in 0.031 s
24/12/31 15:47:02 INFO DAGScheduler: Job 11 is finished. Cancelling potential speculative or zombie tasks for this job
24/12/31 15:47:02 INFO TaskSchedulerImpl: Killing all running tasks in stage 10: Stage finished
24/12/31 15:47:02 INFO DAGScheduler: Job 11 finished: hasNext at <unknown>:0, took 0.035529 s
24/12/31 15:47:02 INFO SparkContext: Starting job: hasNext at <unknown>:0
24/12/31 15:47:02 INFO DAGScheduler: Got job 12 (hasNext at <unknown>:0) with 1 output partitions
24/12/31 15:47:02 INFO DAGScheduler: Final stage: ResultStage 11 (hasNext at <unknown>:0)
24/12/31 15:47:02 INFO DAGScheduler: Parents of final stage: List()
24/12/31 15:47:02 INFO DAGScheduler: Missing parents: List()
24/12/31 15:47:02 INFO DAGScheduler: Submitting ResultStage 11 (MapPartitionsRDD[40] at toLocalIterator at NativeMethodAccessorImpl.java:0), which has no missing parents
24/12/31 15:47:02 INFO MemoryStore: Block broadcast_15 stored as values in memory (estimated size 5.5 KiB, free 434.4 MiB)
24/12/31 15:47:02 INFO MemoryStore: Block broadcast_15_piece0 stored as bytes in memory (estimated size 3.0 KiB, free 434.4 MiB)
24/12/31 15:47:02 INFO BlockManagerInfo: Added broadcast_15_piece0 in memory on 192.168.29.182:33177 (size: 3.0 KiB, free: 434.4 MiB)
24/12/31 15:47:02 INFO SparkContext: Created broadcast 15 from broadcast at DAGScheduler.scala:1585
24/12/31 15:47:02 INFO BlockManagerInfo: Removed broadcast_14_piece0 on 192.168.29.182:33177 in memory (size: 3.0 KiB, free: 434.4 MiB)
24/12/31 15:47:02 INFO DAGScheduler: Submitting 1 missing tasks from ResultStage 11 (MapPartitionsRDD[40] at toLocalIterator at NativeMethodAccessorImpl.java:0) (first 15 tasks are for partitions Vector(1))
24/12/31 15:47:02 INFO TaskSchedulerImpl: Adding task set 11.0 with 1 tasks resource profile 0
24/12/31 15:47:02 INFO TaskSetManager: Starting task 0.0 in stage 11.0 (TID 15) (192.168.29.182, executor driver, partition 1, PROCESS_LOCAL, 52247 bytes) 
24/12/31 15:47:02 INFO Executor: Running task 0.0 in stage 11.0 (TID 15)
24/12/31 15:47:02 INFO Executor: Finished task 0.0 in stage 11.0 (TID 15). 18020 bytes result sent to driver
24/12/31 15:47:02 INFO TaskSetManager: Finished task 0.0 in stage 11.0 (TID 15) in 13 ms on 192.168.29.182 (executor driver) (1/1)
24/12/31 15:47:02 INFO TaskSchedulerImpl: Removed TaskSet 11.0, whose tasks have all completed, from pool 
24/12/31 15:47:02 INFO DAGScheduler: ResultStage 11 (hasNext at <unknown>:0) finished in 0.028 s
24/12/31 15:47:02 INFO DAGScheduler: Job 12 is finished. Cancelling potential speculative or zombie tasks for this job
24/12/31 15:47:02 INFO TaskSchedulerImpl: Killing all running tasks in stage 11: Stage finished
24/12/31 15:47:02 INFO DAGScheduler: Job 12 finished: hasNext at <unknown>:0, took 0.033087 s
24/12/31 15:47:03 INFO SparkContext: Starting job: hasNext at <unknown>:0
24/12/31 15:47:03 INFO DAGScheduler: Got job 13 (hasNext at <unknown>:0) with 1 output partitions
24/12/31 15:47:03 INFO DAGScheduler: Final stage: ResultStage 12 (hasNext at <unknown>:0)
24/12/31 15:47:03 INFO DAGScheduler: Parents of final stage: List()
24/12/31 15:47:03 INFO DAGScheduler: Missing parents: List()
24/12/31 15:47:03 INFO DAGScheduler: Submitting ResultStage 12 (MapPartitionsRDD[40] at toLocalIterator at NativeMethodAccessorImpl.java:0), which has no missing parents
24/12/31 15:47:03 INFO MemoryStore: Block broadcast_16 stored as values in memory (estimated size 5.5 KiB, free 434.4 MiB)
24/12/31 15:47:03 INFO MemoryStore: Block broadcast_16_piece0 stored as bytes in memory (estimated size 3.0 KiB, free 434.4 MiB)
24/12/31 15:47:03 INFO BlockManagerInfo: Added broadcast_16_piece0 in memory on 192.168.29.182:33177 (size: 3.0 KiB, free: 434.4 MiB)
24/12/31 15:47:03 INFO SparkContext: Created broadcast 16 from broadcast at DAGScheduler.scala:1585
24/12/31 15:47:03 INFO BlockManagerInfo: Removed broadcast_15_piece0 on 192.168.29.182:33177 in memory (size: 3.0 KiB, free: 434.4 MiB)
24/12/31 15:47:03 INFO DAGScheduler: Submitting 1 missing tasks from ResultStage 12 (MapPartitionsRDD[40] at toLocalIterator at NativeMethodAccessorImpl.java:0) (first 15 tasks are for partitions Vector(2))
24/12/31 15:47:03 INFO TaskSchedulerImpl: Adding task set 12.0 with 1 tasks resource profile 0
24/12/31 15:47:03 INFO TaskSetManager: Starting task 0.0 in stage 12.0 (TID 16) (192.168.29.182, executor driver, partition 2, PROCESS_LOCAL, 57314 bytes) 
24/12/31 15:47:03 INFO Executor: Running task 0.0 in stage 12.0 (TID 16)
24/12/31 15:47:03 INFO Executor: Finished task 0.0 in stage 12.0 (TID 16). 18386 bytes result sent to driver
24/12/31 15:47:03 INFO TaskSetManager: Finished task 0.0 in stage 12.0 (TID 16) in 11 ms on 192.168.29.182 (executor driver) (1/1)
24/12/31 15:47:03 INFO TaskSchedulerImpl: Removed TaskSet 12.0, whose tasks have all completed, from pool 
24/12/31 15:47:03 INFO DAGScheduler: ResultStage 12 (hasNext at <unknown>:0) finished in 0.027 s
24/12/31 15:47:03 INFO DAGScheduler: Job 13 is finished. Cancelling potential speculative or zombie tasks for this job
24/12/31 15:47:03 INFO TaskSchedulerImpl: Killing all running tasks in stage 12: Stage finished
24/12/31 15:47:03 INFO DAGScheduler: Job 13 finished: hasNext at <unknown>:0, took 0.030302 s
24/12/31 15:47:03 INFO ExploringColumns: [parse_gender_udf, null, null, N/A., org.apache.spark.sql.UDFRegistration$$Lambda$3521/0x000000084171f040, true]
24/12/31 15:47:03 INFO FileSourceStrategy: Pushed Filters: 
24/12/31 15:47:03 INFO FileSourceStrategy: Post-Scan Filters: 
24/12/31 15:47:03 INFO CodeGenerator: Code generated in 18.061601 ms
24/12/31 15:47:03 INFO MemoryStore: Block broadcast_17 stored as values in memory (estimated size 199.3 KiB, free 434.2 MiB)
24/12/31 15:47:03 INFO BlockManagerInfo: Removed broadcast_16_piece0 on 192.168.29.182:33177 in memory (size: 3.0 KiB, free: 434.4 MiB)
24/12/31 15:47:03 INFO MemoryStore: Block broadcast_17_piece0 stored as bytes in memory (estimated size 34.1 KiB, free 434.2 MiB)
24/12/31 15:47:03 INFO BlockManagerInfo: Added broadcast_17_piece0 in memory on 192.168.29.182:33177 (size: 34.1 KiB, free: 434.4 MiB)
24/12/31 15:47:03 INFO SparkContext: Created broadcast 17 from showString at NativeMethodAccessorImpl.java:0
24/12/31 15:47:03 INFO FileSourceScanExec: Planning scan with bin packing, max size: 4194304 bytes, open cost is considered as scanning 4194304 bytes.
24/12/31 15:47:03 INFO SparkContext: Starting job: showString at NativeMethodAccessorImpl.java:0
24/12/31 15:47:03 INFO DAGScheduler: Got job 14 (showString at NativeMethodAccessorImpl.java:0) with 1 output partitions
24/12/31 15:47:03 INFO DAGScheduler: Final stage: ResultStage 13 (showString at NativeMethodAccessorImpl.java:0)
24/12/31 15:47:03 INFO DAGScheduler: Parents of final stage: List()
24/12/31 15:47:03 INFO DAGScheduler: Missing parents: List()
24/12/31 15:47:03 INFO DAGScheduler: Submitting ResultStage 13 (MapPartitionsRDD[47] at showString at NativeMethodAccessorImpl.java:0), which has no missing parents
24/12/31 15:47:03 INFO MemoryStore: Block broadcast_18 stored as values in memory (estimated size 53.6 KiB, free 434.1 MiB)
24/12/31 15:47:03 INFO MemoryStore: Block broadcast_18_piece0 stored as bytes in memory (estimated size 19.9 KiB, free 434.1 MiB)
24/12/31 15:47:03 INFO BlockManagerInfo: Added broadcast_18_piece0 in memory on 192.168.29.182:33177 (size: 19.9 KiB, free: 434.3 MiB)
24/12/31 15:47:03 INFO SparkContext: Created broadcast 18 from broadcast at DAGScheduler.scala:1585
24/12/31 15:47:03 INFO DAGScheduler: Submitting 1 missing tasks from ResultStage 13 (MapPartitionsRDD[47] at showString at NativeMethodAccessorImpl.java:0) (first 15 tasks are for partitions Vector(0))
24/12/31 15:47:03 INFO TaskSchedulerImpl: Adding task set 13.0 with 1 tasks resource profile 0
24/12/31 15:47:03 INFO TaskSetManager: Starting task 0.0 in stage 13.0 (TID 17) (192.168.29.182, executor driver, partition 0, PROCESS_LOCAL, 9648 bytes) 
24/12/31 15:47:03 INFO Executor: Running task 0.0 in stage 13.0 (TID 17)
24/12/31 15:47:03 INFO CodeGenerator: Code generated in 8.934215 ms
24/12/31 15:47:03 INFO FileScanRDD: Reading File path: file:///home/bidut/Desktop/dev/pyspark_learn/Course01Learn/11-UDF_Demo/data/survey.csv, range: 0-303684, partition values: [empty row]
24/12/31 15:47:03 INFO Executor: Finished task 0.0 in stage 13.0 (TID 17). 4601 bytes result sent to driver
24/12/31 15:47:03 INFO TaskSetManager: Finished task 0.0 in stage 13.0 (TID 17) in 91 ms on 192.168.29.182 (executor driver) (1/1)
24/12/31 15:47:03 INFO TaskSchedulerImpl: Removed TaskSet 13.0, whose tasks have all completed, from pool 
24/12/31 15:47:03 INFO DAGScheduler: ResultStage 13 (showString at NativeMethodAccessorImpl.java:0) finished in 0.103 s
24/12/31 15:47:03 INFO DAGScheduler: Job 14 is finished. Cancelling potential speculative or zombie tasks for this job
24/12/31 15:47:03 INFO TaskSchedulerImpl: Killing all running tasks in stage 13: Stage finished
24/12/31 15:47:03 INFO DAGScheduler: Job 14 finished: showString at NativeMethodAccessorImpl.java:0, took 0.108902 s
24/12/31 15:47:03 INFO SparkContext: Invoking stop() from shutdown hook
24/12/31 15:47:03 INFO SparkContext: SparkContext is stopping with exitCode 0.
24/12/31 15:47:03 INFO AbstractConnector: Stopped Spark@727a381b{HTTP/1.1, (http/1.1)}{0.0.0.0:4041}
24/12/31 15:47:03 INFO SparkUI: Stopped Spark web UI at http://192.168.29.182:4041
24/12/31 15:47:03 INFO MapOutputTrackerMasterEndpoint: MapOutputTrackerMasterEndpoint stopped!
24/12/31 15:47:03 INFO MemoryStore: MemoryStore cleared
24/12/31 15:47:03 INFO BlockManager: BlockManager stopped
24/12/31 15:47:03 INFO BlockManagerMaster: BlockManagerMaster stopped
24/12/31 15:47:03 INFO OutputCommitCoordinator$OutputCommitCoordinatorEndpoint: OutputCommitCoordinator stopped!
24/12/31 15:47:03 INFO SparkContext: Successfully stopped SparkContext
24/12/31 15:47:03 INFO ShutdownHookManager: Shutdown hook called
24/12/31 15:47:03 INFO ShutdownHookManager: Deleting directory /tmp/spark-974ea509-b169-4d2b-bc68-dc05a23af0f7/pyspark-dd716a5d-4d2e-41c3-9d60-d77c6696a8ca
24/12/31 15:47:03 INFO ShutdownHookManager: Deleting directory /tmp/spark-a9e9fde4-5d14-4342-ad2f-fd366c3f80a2
24/12/31 15:47:03 INFO ShutdownHookManager: Deleting directory /tmp/spark-974ea509-b169-4d2b-bc68-dc05a23af0f7
